{
  "type": "GoogleGenerativeAIFetchError",
  "message": "[GoogleGenerativeAI Error]: Error fetching from https://generativelanguage.googleapis.com/v1beta/models/gemini-1.5-flash-002:generateContent: [404 Not Found] models/gemini-1.5-flash-002 is not found for API version v1beta, or is not supported for generateContent. Call ListModels to see the list of available models and their supported methods.",
  "status": 404,
  "statusText": "Not Found",
  "stack": "Error: [GoogleGenerativeAI Error]: Error fetching from https://generativelanguage.googleapis.com/v1beta/models/gemini-1.5-flash-002:generateContent: [404 Not Found] models/gemini-1.5-flash-002 is not found for API version v1beta, or is not supported for generateContent. Call ListModels to see the list of available models and their supported methods.\n    at handleResponseNotOk (C:\\Users\\user\\Documents\\ace-it-web\\backend\\node_modules\\@google\\generative-ai\\dist\\index.js:434:11)\n    at process.processTicksAndRejections (node:internal/process/task_queues:103:5)\n    at async makeRequest (C:\\Users\\user\\Documents\\ace-it-web\\backend\\node_modules\\@google\\generative-ai\\dist\\index.js:403:9)\n    at async generateContent (C:\\Users\\user\\Documents\\ace-it-web\\backend\\node_modules\\@google\\generative-ai\\dist\\index.js:867:22)\n    at async testAIDirectly (C:\\Users\\user\\Documents\\ace-it-web\\backend\\test_ai_direct.js:25:24)",
  "fullError": {
    "status": 404,
    "statusText": "Not Found"
  }
}